// Vitest Snapshot v1, https://vitest.dev/guide/snapshot.html

exports[`mount latex 1`] = `
"<!--teleport start-->
<!--teleport end-->
<button class="n-button n-button--default-type n-button--medium-type" tabindex="0" type="button" style="--n-bezier: cubic-bezier(.4, 0, .2, 1); --n-bezier-ease-out: cubic-bezier(0, 0, .2, 1); --n-ripple-duration: .6s; --n-opacity-disabled: 0.5; --n-wave-opacity: 0.6; font-weight: 400; --n-color: #0000; --n-color-hover: #0000; --n-color-pressed: #0000; --n-color-focus: #0000; --n-color-disabled: #0000; --n-ripple-color: #18a058; --n-text-color: rgb(51, 54, 57); --n-text-color-hover: #36ad6a; --n-text-color-pressed: #0c7a43; --n-text-color-focus: #36ad6a; --n-text-color-disabled: rgb(51, 54, 57); --n-border: 1px solid rgb(224, 224, 230); --n-border-hover: 1px solid #36ad6a; --n-border-pressed: 1px solid #0c7a43; --n-border-focus: 1px solid #36ad6a; --n-border-disabled: 1px solid rgb(224, 224, 230); --n-width: initial; --n-height: 34px; --n-font-size: 14px; --n-padding: 0 14px; --n-icon-size: 18px; --n-icon-margin: 6px; --n-border-radius: 3px;">
  <!---->
  <transition-stub name="fade-in-width-expand-transition" appear="false" persisted="false" css="true">
    <!---->
  </transition-stub>
  <!---->
  <div aria-hidden="true" class="n-base-wave"></div>
  <div aria-hidden="true" class="n-button__border"></div>
  <div aria-hidden="true" class="n-button__state-border"></div>
</button>
<div data-v-73788115="" class="latex-contain" data-id="-1">
  <div data-v-73788115="" style="color: #CC99FF;" class="latex-contain__title">
    <div data-v-73788115="" class="remove">x</div> Root<span data-v-73788115="" class="bracket">(</span>
  </div>
  <div data-v-73788115="" class="latex_gap">
    <div data-v-73788115="" class="latex-contain" data-id="1">
      <div data-v-73788115="" style="color: #66CCFF;" class="latex-contain__title">
        <div data-v-73788115="" class="remove">x</div> Count<span data-v-73788115="" class="bracket">(</span>
      </div>
      <div data-v-73788115="" class="latex_gap">
        <div data-v-73788115="" class="latex-contain" data-id="2">
          <div data-v-73788115="" style="color: #003366;" class="latex-contain__title">
            <div data-v-73788115="" class="remove">x</div> xixi
            <!--v-if-->
          </div>
          <!--v-if-->
        </div>
      </div><span><!--v-if--></span>
      <div data-v-73788115="" style="color: #66CCFF;" class="bracket bracket-end"> ) </div>
    </div>
  </div>
  <!--v-if-->
  <div data-v-73788115="" style="color: #CC99FF;" class="bracket bracket-end"> ) </div>
</div>"
`;
